[backblue.gif]
[fade.gif]
[index.html]
[contentful-example-app.herokuapp.com/og-image.jpg]
[the-example-app-nodejs.contentful.com/apple-touch-icon.png]
[the-example-app-nodejs.contentful.com/favicon-32x32.png]
[the-example-app-nodejs.contentful.com/favicon-16x16.png]
[the-example-app-nodejs.contentful.com/manifest.json]
[images.ctfassets.net/qz0n5cdakyl9/6nvWJT1AkM64so8Auue4QQ/65944b70b9f8f736db7a4ccf01ff62cd/EngineeringHistory.png]
[the-example-app-nodejs.contentful.com/scripts/index.js]
[the-example-app-nodejs.contentful.com/index.html]
[the-example-app-nodejs.contentful.com/fonts/roboto-regular-webfont.woff2]
[the-example-app-nodejs.contentful.com/fonts/roboto-regular-webfont.woff]
[d1fc8wv8zag5ca.cloudfront.net/2.8.2/sp.js]
[the-example-app-nodejs.contentful.com/fonts/roboto-italic-webfont.woff2]
[the-example-app-nodejs.contentful.com/fonts/roboto-italic-webfont.woff]
[the-example-app-nodejs.contentful.com/fonts/roboto-bold-webfont.woff2]
[the-example-app-nodejs.contentful.com/fonts/roboto-bold-webfont.woff]
[the-example-app-nodejs.contentful.com/fonts/roboto-bolditalic-webfont.woff2]
[the-example-app-nodejs.contentful.com/fonts/roboto-bolditalic-webfont.woff]
[the-example-app-nodejs.contentful.com/fonts/roboto-medium-webfont.woff2]
[the-example-app-nodejs.contentful.com/fonts/roboto-medium-webfont.woff]
[the-example-app-nodejs.contentful.com/fonts/roboto-mediumitalic-webfont.woff2]
[the-example-app-nodejs.contentful.com/fonts/roboto-mediumitalic-webfont.woff]
[the-example-app-nodejs.contentful.com/stylesheets/style.css]
[the-example-app-nodejs.contentful.com/safari-pinned-tab.svg]
[the-example-app-nodejs.contentful.com/icons/icons.svg]
[the-example-app-nodejs.contentful.com/settings.html]
[the-example-app-nodejs.contentful.com/images/the-example-app-logo-nodejs.svg]
[the-example-app-nodejs.contentful.com/courses.html]
[the-example-app-nodejs.contentful.com/courses/categories/getting-started.html]
[the-example-app-nodejs.contentful.com/courses/hello-contentful.html]
[the-example-app-nodejs.contentful.com/images/contentful-logo.svg]
[the-example-app-nodejs.contentful.com/imprint.html]
[the-example-app-nodejs.contentful.com/images/icon-nodejs.svg]
[the-example-app-nodejs.contentful.com/index3865.html]
[the-example-app-nodejs.contentful.com/images/icon-dotnet.svg]
[the-example-app-nodejs.contentful.com/images/icon-ruby.svg]
[the-example-app-nodejs.contentful.com/images/icon-php.svg]
[the-example-app-nodejs.contentful.com/images/icon-python.svg]
[the-example-app-nodejs.contentful.com/images/icon-swift.svg]
[the-example-app-nodejs.contentful.com/images/icon-java.svg]
[the-example-app-nodejs.contentful.com/images/icon-android.svg]
[the-example-app-nodejs.contentful.com/courses/categories/application-development.html]
[the-example-app-nodejs.contentful.com/courses/hello-sdks.html]
[the-example-app-nodejs.contentful.com/courses/categories.html]
[the-example-app-nodejs.contentful.com/courses/hello-contentful/lessons/apis.html]
[images.ctfassets.net/qz0n5cdakyl9/6n41KgxfwWmmeCiSemIsK2/8fe64869042e65dddb5178164bd2264f/validations.png]
[the-example-app-nodejs.contentful.com/courses/hello-contentful/lessons/content-model.html]
[images.ctfassets.net/qz0n5cdakyl9/4CWJDjGTzaU8CMAW2eYeie/d82f9fe7a879551f434ebd21a988ab19/webapp.png]
[the-example-app-nodejs.contentful.com/courses/hello-contentful/lessons/content-management.html]
[the-example-app-nodejs.contentful.com/courses/hello-contentful/lessons/summary.html]
[the-example-app-nodejs.contentful.com/courses/hello-sdks/lessons/sdk-basics.html]
[the-example-app-nodejs.contentful.com/courses/hello-sdks/lessons/fetch-all-entries.html]
[the-example-app-nodejs.contentful.com/courses/hello-sdks/lessons/fetch-draft-content.html]
[the-example-app-nodejs.contentful.com/courses/hello-sdks/lessons/serve-localized-content.html]
[the-example-app-nodejs.contentful.com/courses/hello-sdks/lessons/example-app-summary.html]
[the-example-app-nodejs.contentful.com/courses/hello-contentful/lessons.html]
[the-example-app-nodejs.contentful.com/courses/hello-sdks/lessons.html]
